// Jest Snapshot v1, https://goo.gl/fbAQLP

exports[`[Component] Typography should render a snapshot 1`] = `
.c0 {
  display: -webkit-box;
  display: -webkit-flex;
  display: -ms-flexbox;
  display: flex;
  width: 100%;
  text-align: center;
  -webkit-box-pack: center;
  -webkit-justify-content: center;
  -ms-flex-pack: center;
  justify-content: center;
  padding: 0;
  margin: 0;
  font-size: 24px;
  font-weight: 500;
  line-height: 29px;
  color: #282828;
}

<div>
  <h1
    class="c0"
    color="black"
    type="headline"
  >
    Text of example
  </h1>
</div>
`;
